Please enter an integer: 

User input do not match the hard coded value 1

